---
source: crates/barnum_engine/tests/completion_snapshot_tests.rs
expression: trace
input_file: crates/barnum_engine/tests/completion/chain_two_steps.json
---
--- After advance ---
Engine {
    flat_config: FlatConfig {
        entries: [
            Action(
                Chain {
                    rest: ActionId(
                        2,
                    ),
                },
            ),
            Action(
                Invoke {
                    handler: HandlerId(
                        1,
                    ),
                },
            ),
            Action(
                Invoke {
                    handler: HandlerId(
                        0,
                    ),
                },
            ),
        ],
        handlers: [
            TypeScript(
                TypeScriptHandler {
                    module: ModulePath(
                        "./b.ts",
                    ),
                    func: FuncName(
                        "b",
                    ),
                    step_config_schema: None,
                    value_schema: None,
                },
            ),
            TypeScript(
                TypeScriptHandler {
                    module: ModulePath(
                        "./a.ts",
                    ),
                    func: FuncName(
                        "a",
                    ),
                    step_config_schema: None,
                    value_schema: None,
                },
            ),
        ],
        workflow_root: ActionId(
            0,
        ),
    },
    frames: {
        0: Frame {
            parent: None,
            kind: Chain {
                rest: ActionId(
                    2,
                ),
            },
        },
    },
    task_to_parent: {
        TaskId(
            0,
        ): Some(
            SingleChild {
                frame_id: FrameId(
                    0,
                ),
            },
        ),
    },
    pending_dispatches: [],
    next_task_id: 1,
}
Pending: [
    Dispatch {
        task_id: TaskId(
            0,
        ),
        handler_id: HandlerId(
            1,
        ),
        value: String("start"),
    },
]

--- Completion: task_id=0, value="a_result" ---
Result: None
Engine {
    flat_config: FlatConfig {
        entries: [
            Action(
                Chain {
                    rest: ActionId(
                        2,
                    ),
                },
            ),
            Action(
                Invoke {
                    handler: HandlerId(
                        1,
                    ),
                },
            ),
            Action(
                Invoke {
                    handler: HandlerId(
                        0,
                    ),
                },
            ),
        ],
        handlers: [
            TypeScript(
                TypeScriptHandler {
                    module: ModulePath(
                        "./b.ts",
                    ),
                    func: FuncName(
                        "b",
                    ),
                    step_config_schema: None,
                    value_schema: None,
                },
            ),
            TypeScript(
                TypeScriptHandler {
                    module: ModulePath(
                        "./a.ts",
                    ),
                    func: FuncName(
                        "a",
                    ),
                    step_config_schema: None,
                    value_schema: None,
                },
            ),
        ],
        workflow_root: ActionId(
            0,
        ),
    },
    frames: {},
    task_to_parent: {
        TaskId(
            1,
        ): None,
    },
    pending_dispatches: [],
    next_task_id: 2,
}
Pending: [
    Dispatch {
        task_id: TaskId(
            1,
        ),
        handler_id: HandlerId(
            0,
        ),
        value: String("a_result"),
    },
]

--- Completion: task_id=1, value="b_result" ---
Result: Some(String("b_result"))
Engine {
    flat_config: FlatConfig {
        entries: [
            Action(
                Chain {
                    rest: ActionId(
                        2,
                    ),
                },
            ),
            Action(
                Invoke {
                    handler: HandlerId(
                        1,
                    ),
                },
            ),
            Action(
                Invoke {
                    handler: HandlerId(
                        0,
                    ),
                },
            ),
        ],
        handlers: [
            TypeScript(
                TypeScriptHandler {
                    module: ModulePath(
                        "./b.ts",
                    ),
                    func: FuncName(
                        "b",
                    ),
                    step_config_schema: None,
                    value_schema: None,
                },
            ),
            TypeScript(
                TypeScriptHandler {
                    module: ModulePath(
                        "./a.ts",
                    ),
                    func: FuncName(
                        "a",
                    ),
                    step_config_schema: None,
                    value_schema: None,
                },
            ),
        ],
        workflow_root: ActionId(
            0,
        ),
    },
    frames: {},
    task_to_parent: {},
    pending_dispatches: [],
    next_task_id: 2,
}
Pending: []
