---
source: crates/barnum_engine/tests/engine_snapshot_tests.rs
assertion_line: 42
expression: flat_config
input_file: crates/barnum_engine/tests/advance/step_root_recursive.json
---
FlatConfig {
    entries: [
        Action(
            Loop {
                body: ActionId(
                    1,
                ),
            },
        ),
        Action(
            Chain {
                rest: ActionId(
                    3,
                ),
            },
        ),
        Action(
            Invoke {
                handler: HandlerId(
                    1,
                ),
            },
        ),
        Action(
            Invoke {
                handler: HandlerId(
                    0,
                ),
            },
        ),
    ],
    handlers: [
        TypeScript(
            TypeScriptHandler {
                module: ModulePath(
                    "./decide.ts",
                ),
                func: FuncName(
                    "decide",
                ),
            },
        ),
        TypeScript(
            TypeScriptHandler {
                module: ModulePath(
                    "./process.ts",
                ),
                func: FuncName(
                    "process",
                ),
            },
        ),
    ],
    workflow_root: ActionId(
        0,
    ),
}
