---
source: crates/barnum_engine/tests/engine_snapshot_tests.rs
assertion_line: 32
expression: engine
input_file: crates/barnum_engine/tests/advance/parallel_empty.json
---
WorkflowState {
    flat_config: FlatConfig {
        entries: [
            Action(
                Parallel {
                    count: Count(
                        0,
                    ),
                },
            ),
        ],
        handlers: [],
        workflow_root: ActionId(
            0,
        ),
    },
    frames: Arena {
        storage: [],
        len: 0,
        first_free: None,
    },
    task_to_parent: {},
    pending_dispatches: [],
    next_task_id: 0,
}
