---
source: crates/barnum_engine/tests/engine_snapshot_tests.rs
expression: engine
input_file: crates/barnum_engine/tests/advance/chain_then_branch.json
---
WorkflowState {
    flat_config: FlatConfig {
        entries: [
            Action(
                Chain {
                    rest: ActionId(
                        2,
                    ),
                },
            ),
            Action(
                Invoke {
                    handler: HandlerId(
                        0,
                    ),
                },
            ),
            Action(
                Branch {
                    count: Count(
                        2,
                    ),
                },
            ),
            BranchKey {
                key: KindDiscriminator(
                    "A",
                ),
            },
            Action(
                Invoke {
                    handler: HandlerId(
                        1,
                    ),
                },
            ),
            BranchKey {
                key: KindDiscriminator(
                    "B",
                ),
            },
            Action(
                Invoke {
                    handler: HandlerId(
                        2,
                    ),
                },
            ),
        ],
        handlers: [
            TypeScript(
                TypeScriptHandler {
                    module: ModulePath(
                        "./classify.ts",
                    ),
                    func: FuncName(
                        "classify",
                    ),
                    input_schema: None,
                    output_schema: None,
                },
            ),
            TypeScript(
                TypeScriptHandler {
                    module: ModulePath(
                        "./handle_a.ts",
                    ),
                    func: FuncName(
                        "handle",
                    ),
                    input_schema: None,
                    output_schema: None,
                },
            ),
            TypeScript(
                TypeScriptHandler {
                    module: ModulePath(
                        "./handle_b.ts",
                    ),
                    func: FuncName(
                        "handle",
                    ),
                    input_schema: None,
                    output_schema: None,
                },
            ),
        ],
        workflow_root: ActionId(
            0,
        ),
    },
    frames: Arena {
        storage: [
            Occupied(
                OccupiedEntry {
                    generation: Generation(1),
                    value: Frame {
                        parent: None,
                        kind: Chain {
                            rest: ActionId(
                                2,
                            ),
                        },
                    },
                },
            ),
            Occupied(
                OccupiedEntry {
                    generation: Generation(1),
                    value: Frame {
                        parent: Some(
                            Chain {
                                frame_id: Index {
                                    slot: 0,
                                    generation: Generation(1),
                                },
                            },
                        ),
                        kind: Invoke {
                            handler: HandlerId(
                                0,
                            ),
                        },
                    },
                },
            ),
        ],
        len: 2,
        first_free: None,
    },
    task_to_frame: {
        TaskId(
            0,
        ): Index {
            slot: 1,
            generation: Generation(1),
        },
    },
    pending_effects: [
        (
            Index {
                slot: 1,
                generation: Generation(1),
            },
            Dispatch(
                DispatchEvent {
                    task_id: TaskId(
                        0,
                    ),
                    handler_id: HandlerId(
                        0,
                    ),
                    value: String("raw"),
                },
            ),
        ),
    ],
    next_task_id: 1,
}
