---
source: crates/barnum_engine/tests/engine_snapshot_tests.rs
assertion_line: 32
expression: engine
input_file: crates/barnum_engine/tests/advance/chain_two_steps.json
---
WorkflowState {
    flat_config: FlatConfig {
        entries: [
            Action(
                Chain {
                    rest: ActionId(
                        2,
                    ),
                },
            ),
            Action(
                Invoke {
                    handler: HandlerId(
                        1,
                    ),
                },
            ),
            Action(
                Invoke {
                    handler: HandlerId(
                        0,
                    ),
                },
            ),
        ],
        handlers: [
            TypeScript(
                TypeScriptHandler {
                    module: ModulePath(
                        "./b.ts",
                    ),
                    func: FuncName(
                        "b",
                    ),
                },
            ),
            TypeScript(
                TypeScriptHandler {
                    module: ModulePath(
                        "./a.ts",
                    ),
                    func: FuncName(
                        "a",
                    ),
                },
            ),
        ],
        workflow_root: ActionId(
            0,
        ),
    },
    frames: {
        0: Frame {
            parent: None,
            kind: Chain {
                rest: ActionId(
                    2,
                ),
            },
        },
    },
    task_to_parent: {
        TaskId(
            0,
        ): Some(
            SingleChild {
                frame_id: FrameId(
                    0,
                ),
            },
        ),
    },
    pending_dispatches: [
        Dispatch {
            task_id: TaskId(
                0,
            ),
            handler_id: HandlerId(
                1,
            ),
            value: String("start"),
        },
    ],
    next_task_id: 1,
}
