---
source: crates/barnum_engine/tests/engine_snapshot_tests.rs
expression: engine
input_file: crates/barnum_engine/tests/advance/foreach_empty.json
---
WorkflowState {
    flat_config: FlatConfig {
        entries: [
            Action(
                ForEach {
                    body: ActionId(
                        1,
                    ),
                },
            ),
            Action(
                Invoke {
                    handler: HandlerId(
                        0,
                    ),
                },
            ),
        ],
        handlers: [
            TypeScript(
                TypeScriptHandler {
                    module: ModulePath(
                        "./handler.ts",
                    ),
                    func: FuncName(
                        "run",
                    ),
                },
            ),
        ],
        workflow_root: ActionId(
            0,
        ),
    },
    frames: Arena {
        storage: [],
        len: 0,
        first_free: None,
    },
    task_to_parent: {},
    pending_dispatches: [],
    stashed_items: [],
    next_task_id: 0,
}
