---
source: crates/barnum_engine/tests/engine_snapshot_tests.rs
assertion_line: 31
expression: engine
input_file: crates/barnum_engine/tests/advance/foreach_with_chain_body.json
---
Engine {
    flat_config: FlatConfig {
        entries: [
            Action(
                ForEach {
                    body: ActionId(
                        1,
                    ),
                },
            ),
            Action(
                Chain {
                    rest: ActionId(
                        3,
                    ),
                },
            ),
            Action(
                Invoke {
                    handler: HandlerId(
                        1,
                    ),
                },
            ),
            Action(
                Invoke {
                    handler: HandlerId(
                        0,
                    ),
                },
            ),
        ],
        handlers: [
            TypeScript(
                TypeScriptHandler {
                    module: ModulePath(
                        "./process.ts",
                    ),
                    func: FuncName(
                        "process",
                    ),
                    step_config_schema: None,
                    value_schema: None,
                },
            ),
            TypeScript(
                TypeScriptHandler {
                    module: ModulePath(
                        "./validate.ts",
                    ),
                    func: FuncName(
                        "validate",
                    ),
                    step_config_schema: None,
                    value_schema: None,
                },
            ),
        ],
        workflow_root: ActionId(
            0,
        ),
    },
    frames: {
        0: Frame {
            parent: None,
            kind: ForEach {
                results: [
                    None,
                    None,
                ],
            },
        },
        1: Frame {
            parent: Some(
                IndexedChild {
                    frame_id: FrameId(
                        0,
                    ),
                    child_index: 0,
                },
            ),
            kind: Chain {
                rest: ActionId(
                    3,
                ),
            },
        },
        2: Frame {
            parent: Some(
                IndexedChild {
                    frame_id: FrameId(
                        0,
                    ),
                    child_index: 1,
                },
            ),
            kind: Chain {
                rest: ActionId(
                    3,
                ),
            },
        },
    },
    pending_dispatches: [
        Dispatch {
            handler_id: HandlerId(
                1,
            ),
            value: String("item1"),
        },
        Dispatch {
            handler_id: HandlerId(
                1,
            ),
            value: String("item2"),
        },
    ],
}
