---
source: crates/barnum_engine/tests/engine_snapshot_tests.rs
expression: engine
input_file: crates/barnum_engine/tests/advance/loop_body.json
---
Engine {
    flat_config: FlatConfig {
        entries: [
            Action(
                Loop {
                    body: ActionId(
                        1,
                    ),
                },
            ),
            Action(
                Invoke {
                    handler: HandlerId(
                        0,
                    ),
                },
            ),
        ],
        handlers: [
            TypeScript(
                TypeScriptHandler {
                    module: ModulePath(
                        "./handler.ts",
                    ),
                    func: FuncName(
                        "run",
                    ),
                    step_config_schema: None,
                    value_schema: None,
                },
            ),
        ],
        workflow_root: ActionId(
            0,
        ),
    },
    frames: {
        0: Frame {
            parent: None,
            kind: Loop {
                body: ActionId(
                    1,
                ),
            },
        },
    },
    task_to_parent: {
        TaskId(
            0,
        ): Some(
            SingleChild {
                frame_id: FrameId(
                    0,
                ),
            },
        ),
    },
    pending_dispatches: [
        Dispatch {
            task_id: TaskId(
                0,
            ),
            handler_id: HandlerId(
                0,
            ),
            value: Number(0),
        },
    ],
    next_task_id: 1,
}
