---
source: crates/barnum_engine/tests/engine_snapshot_tests.rs
assertion_line: 43
expression: flat_config
input_file: crates/barnum_engine/tests/advance/parallel_three.json
---
FlatConfig {
    entries: [
        Action(
            All {
                count: Count(
                    3,
                ),
            },
        ),
        Action(
            Invoke {
                handler: HandlerId(
                    0,
                ),
            },
        ),
        Action(
            Invoke {
                handler: HandlerId(
                    1,
                ),
            },
        ),
        Action(
            Invoke {
                handler: HandlerId(
                    2,
                ),
            },
        ),
    ],
    handlers: [
        TypeScript(
            TypeScriptHandler {
                module: ModulePath(
                    "./a.ts",
                ),
                func: FuncName(
                    "a",
                ),
                input_schema: None,
                output_schema: None,
            },
        ),
        TypeScript(
            TypeScriptHandler {
                module: ModulePath(
                    "./b.ts",
                ),
                func: FuncName(
                    "b",
                ),
                input_schema: None,
                output_schema: None,
            },
        ),
        TypeScript(
            TypeScriptHandler {
                module: ModulePath(
                    "./c.ts",
                ),
                func: FuncName(
                    "c",
                ),
                input_schema: None,
                output_schema: None,
            },
        ),
    ],
    workflow_root: ActionId(
        0,
    ),
}
