---
source: crates/barnum_engine/tests/engine_snapshot_tests.rs
expression: engine
input_file: crates/barnum_engine/tests/advance/branch_matching.json
---
WorkflowState {
    flat_config: FlatConfig {
        entries: [
            Action(
                Branch {
                    count: Count(
                        2,
                    ),
                },
            ),
            BranchKey {
                key: KindDiscriminator(
                    "Err",
                ),
            },
            Action(
                Invoke {
                    handler: HandlerId(
                        0,
                    ),
                },
            ),
            BranchKey {
                key: KindDiscriminator(
                    "Ok",
                ),
            },
            Action(
                Invoke {
                    handler: HandlerId(
                        1,
                    ),
                },
            ),
        ],
        handlers: [
            TypeScript(
                TypeScriptHandler {
                    module: ModulePath(
                        "./err.ts",
                    ),
                    func: FuncName(
                        "handle",
                    ),
                },
            ),
            TypeScript(
                TypeScriptHandler {
                    module: ModulePath(
                        "./ok.ts",
                    ),
                    func: FuncName(
                        "handle",
                    ),
                },
            ),
        ],
        workflow_root: ActionId(
            0,
        ),
    },
    frames: Arena {
        storage: [
            Occupied(
                OccupiedEntry {
                    generation: Generation(1),
                    value: Frame {
                        parent: None,
                        kind: Invoke {
                            handler: HandlerId(
                                0,
                            ),
                        },
                    },
                },
            ),
        ],
        len: 1,
        first_free: None,
    },
    task_to_frame: {
        TaskId(
            0,
        ): Index {
            slot: 0,
            generation: Generation(1),
        },
    },
    pending_dispatches: [
        Dispatch {
            task_id: TaskId(
                0,
            ),
            handler_id: HandlerId(
                0,
            ),
            value: Object {
                "error": String("something failed"),
                "kind": String("Err"),
            },
        },
    ],
    stashed_items: [],
    next_task_id: 1,
}
