---
source: crates/barnum_engine/tests/engine_snapshot_tests.rs
expression: engine
input_file: crates/barnum_engine/tests/advance/loop_with_chain_body.json
---
Engine {
    flat_config: FlatConfig {
        entries: [
            Action(
                Loop {
                    body: ActionId(
                        1,
                    ),
                },
            ),
            Action(
                Chain {
                    rest: ActionId(
                        3,
                    ),
                },
            ),
            Action(
                Invoke {
                    handler: HandlerId(
                        1,
                    ),
                },
            ),
            Action(
                Invoke {
                    handler: HandlerId(
                        0,
                    ),
                },
            ),
        ],
        handlers: [
            TypeScript(
                TypeScriptHandler {
                    module: ModulePath(
                        "./decide.ts",
                    ),
                    func: FuncName(
                        "decide",
                    ),
                    step_config_schema: None,
                    value_schema: None,
                },
            ),
            TypeScript(
                TypeScriptHandler {
                    module: ModulePath(
                        "./check.ts",
                    ),
                    func: FuncName(
                        "check",
                    ),
                    step_config_schema: None,
                    value_schema: None,
                },
            ),
        ],
        workflow_root: ActionId(
            0,
        ),
    },
    frames: {
        0: Frame {
            parent: None,
            kind: Loop {
                body: ActionId(
                    1,
                ),
            },
        },
        1: Frame {
            parent: Some(
                SingleChild {
                    frame_id: FrameId(
                        0,
                    ),
                },
            ),
            kind: Chain {
                rest: ActionId(
                    3,
                ),
            },
        },
    },
    task_to_parent: {
        TaskId(
            0,
        ): Some(
            SingleChild {
                frame_id: FrameId(
                    1,
                ),
            },
        ),
    },
    pending_dispatches: [
        Dispatch {
            task_id: TaskId(
                0,
            ),
            handler_id: HandlerId(
                1,
            ),
            value: Object {
                "counter": Number(0),
            },
        },
    ],
    next_task_id: 1,
}
