---
source: crates/barnum_engine/tests/engine_snapshot_tests.rs
expression: flat_config
input_file: crates/barnum_engine/tests/advance/parallel_empty.json
---
FlatConfig {
    entries: [
        Action(
            All {
                count: Count(
                    0,
                ),
            },
        ),
    ],
    handlers: [],
    workflow_root: ActionId(
        0,
    ),
}
