---
source: crates/barnum_engine/tests/engine_snapshot_tests.rs
expression: engine
input_file: crates/barnum_engine/tests/advance/parallel_three.json
---
WorkflowState {
    flat_config: FlatConfig {
        entries: [
            Action(
                All {
                    count: Count(
                        3,
                    ),
                },
            ),
            Action(
                Invoke {
                    handler: HandlerId(
                        0,
                    ),
                },
            ),
            Action(
                Invoke {
                    handler: HandlerId(
                        1,
                    ),
                },
            ),
            Action(
                Invoke {
                    handler: HandlerId(
                        2,
                    ),
                },
            ),
        ],
        handlers: [
            TypeScript(
                TypeScriptHandler {
                    module: ModulePath(
                        "./a.ts",
                    ),
                    func: FuncName(
                        "a",
                    ),
                },
            ),
            TypeScript(
                TypeScriptHandler {
                    module: ModulePath(
                        "./b.ts",
                    ),
                    func: FuncName(
                        "b",
                    ),
                },
            ),
            TypeScript(
                TypeScriptHandler {
                    module: ModulePath(
                        "./c.ts",
                    ),
                    func: FuncName(
                        "c",
                    ),
                },
            ),
        ],
        workflow_root: ActionId(
            0,
        ),
    },
    frames: Arena {
        storage: [
            Occupied(
                OccupiedEntry {
                    generation: Generation(1),
                    value: Frame {
                        parent: None,
                        kind: All {
                            results: [
                                None,
                                None,
                                None,
                            ],
                        },
                    },
                },
            ),
        ],
        len: 1,
        first_free: None,
    },
    task_to_parent: {
        TaskId(
            0,
        ): Some(
            IndexedChild {
                frame_id: Index {
                    slot: 0,
                    generation: Generation(1),
                },
                child_index: 0,
            },
        ),
        TaskId(
            1,
        ): Some(
            IndexedChild {
                frame_id: Index {
                    slot: 0,
                    generation: Generation(1),
                },
                child_index: 1,
            },
        ),
        TaskId(
            2,
        ): Some(
            IndexedChild {
                frame_id: Index {
                    slot: 0,
                    generation: Generation(1),
                },
                child_index: 2,
            },
        ),
    },
    pending_dispatches: [
        Dispatch {
            task_id: TaskId(
                0,
            ),
            handler_id: HandlerId(
                0,
            ),
            value: Object {
                "shared": Bool(true),
            },
        },
        Dispatch {
            task_id: TaskId(
                1,
            ),
            handler_id: HandlerId(
                1,
            ),
            value: Object {
                "shared": Bool(true),
            },
        },
        Dispatch {
            task_id: TaskId(
                2,
            ),
            handler_id: HandlerId(
                2,
            ),
            value: Object {
                "shared": Bool(true),
            },
        },
    ],
    next_task_id: 3,
}
